// Jest Snapshot v1, https://goo.gl/fbAQLP

exports[`Switch should match snapshot 1`] = `
<DocumentFragment>
  <div
    class="container default"
    data-testid="switch-element"
  >
    <label
      class="switch card medium default undefined"
      data-testid="switch-label"
    >
      <input
        type="checkbox"
      />
      <span
        class="slider switch medium undefined"
      />
    </label>
    <span
      class="label undefined card medium default"
    >
       Snapshot Switch 
    </span>
  </div>
</DocumentFragment>
`;
